{"uid":"9356ab8b8d566363f92026d06bf33aefba","name":"Testing"}
