{"channels":[{"uid":"notifications","name":"Notifications","unread":0},{"uid":"31eccfe322d6c48c50dea2c84efc74ff","name":"IndieWeb","unread":0},{"uid":"1870e67e924856dc7e4c37732b303b45","name":"W3C","unread":0}]}
